[
  {
    "case": "NoteOn_g0_c0_60_half",
    "message": "ChannelVoice2.NoteOn",
    "container": "UMP64",
    "raw": "0x40903C0080000000",
    "fields": { "mt": 4, "group": 0, "statusNibble": 9, "channel": 0, "noteNumber": 60, "attributeType": 0, "velocity": 32768, "attributeData": 0 },
    "provenance": { "doc": "M2-104", "note": "CV2 Note On layout" }
  },
  {
    "case": "NoteOff_g0_c0_60_zero",
    "message": "ChannelVoice2.NoteOff",
    "container": "UMP64",
    "raw": "0x40803C0000000000",
    "fields": { "mt": 4, "group": 0, "statusNibble": 8, "channel": 0, "noteNumber": 60, "attributeType": 0, "velocity": 0, "attributeData": 0 },
    "provenance": { "doc": "M2-104", "note": "CV2 Note Off layout" }
  }
]
