[
  {
    "case": "NOOP",
    "message": "Utility.NOOP",
    "container": "UMP32",
    "raw": "0x00000000",
    "fields": { "mt": 0, "reservedGroup": 0, "opcode": 0, "reserved0": 0, "reserved1": 0 }
  },
  {
    "case": "JRClock_t0x1234",
    "message": "Utility.JRClock",
    "container": "UMP32",
    "raw": "0x00011234",
    "fields": { "mt": 0, "reservedGroup": 0, "opcode": 1, "timeMSB": 18, "timeLSB": 52 }
  },
  {
    "case": "JRTimestamp_t0x00A1",
    "message": "Utility.JRTimestamp",
    "container": "UMP32",
    "raw": "0x000200A1",
    "fields": { "mt": 0, "reservedGroup": 0, "opcode": 2, "timeMSB": 0, "timeLSB": 161 }
  }
]
